device: cpu
[1/3] loading scenes and labels
[2/3] patch index
  518 patches over 6 lakes
    Bellandur Lake    182
    Varthur Lake      140
    Madiwala Lake      84
    Hebbal Lake        42
    Ulsoor Lake        42
    Sankey Tank        28
[3/3] folds

  fold 0: test=Bellandur Lake  val=Varthur Lake  train=4 lakes
    196 train / 140 val patches, 537,156 params, weights=[1.35, 1.13, 0.59, 0.94]
      epoch   0  train 1.6351  val 1.8306  lr 1.0e-03  *
      epoch  10  train 0.6711  val 1.0076  lr 1.0e-03
      epoch  20  train 0.5940  val 0.8214  lr 1.0e-03
      epoch  25  train 0.5548  val 0.7565  lr 5.0e-04
      early stop at 25 (best 15, 0.6970)
      temperature 0.963 (fitted on Varthur Lake)
    macro-F1 0.814  kappa 0.847  IoU water 0.844 veg 0.935 bare 0.844 built 0.298  (109s)
    water->veg 0.013  veg->water 0.001

  fold 1: test=Varthur Lake  val=Madiwala Lake  train=4 lakes
    294 train / 84 val patches, 537,156 params, weights=[1.67, 0.45, 0.38, 1.50]
      epoch   0  train 1.4908  val 1.1123  lr 1.0e-03  *
      epoch  10  train 0.6128  val 0.7577  lr 1.0e-03
      epoch  20  train 0.5432  val 0.6787  lr 1.0e-03
      epoch  30  train 0.5126  val 0.6483  lr 5.0e-04
      epoch  37  train 0.5000  val 0.6436  lr 2.5e-04
      early stop at 37 (best 27, 0.6340)
      temperature 1.639 (fitted on Madiwala Lake)
    macro-F1 0.779  kappa 0.773  IoU water 0.659 veg 0.913 bare 0.799 built 0.315  (182s)
    water->veg 0.062  veg->water 0.003

  fold 2: test=Madiwala Lake  val=Hebbal Lake  train=4 lakes
    392 train / 42 val patches, 537,156 params, weights=[2.17, 0.34, 0.28, 1.21]
      epoch   0  train 1.4967  val 0.9880  lr 1.0e-03  *
      epoch  10  train 0.6059  val 0.4955  lr 1.0e-03
      epoch  20  train 0.6347  val 0.5097  lr 1.0e-03
      epoch  30  train 0.5503  val 0.4636  lr 1.0e-03
      epoch  38  train 0.5121  val 0.5556  lr 5.0e-04
      early stop at 38 (best 28, 0.4331)
      temperature 1.128 (fitted on Hebbal Lake)
    macro-F1 0.757  kappa 0.562  IoU water 0.842 veg 0.881 bare 0.307 built 0.547  (231s)
    water->veg 0.011  veg->water 0.001

  fold 3: test=Hebbal Lake  val=Ulsoor Lake  train=4 lakes
    434 train / 42 val patches, 537,156 params, weights=[2.19, 0.41, 0.31, 1.09]
      epoch   0  train 1.4466  val 1.1437  lr 1.0e-03  *
      epoch  10  train 0.5900  val 0.5885  lr 1.0e-03  *
      epoch  20  train 0.5741  val 0.5926  lr 1.0e-03
      epoch  30  train 0.5307  val 0.5986  lr 5.0e-04
      epoch  34  train 0.5061  val 0.7199  lr 5.0e-04
      early stop at 34 (best 24, 0.5730)
      temperature 1.384 (fitted on Ulsoor Lake)
    macro-F1 0.840  kappa 0.768  IoU water 0.855 veg 0.887 bare 0.714 built 0.498  (217s)
    water->veg 0.004  veg->water 0.007

  fold 4: test=Ulsoor Lake  val=Sankey Tank  train=4 lakes
    448 train / 28 val patches, 537,156 params, weights=[1.87, 0.44, 0.33, 1.36]
      epoch   0  train 1.2892  val 1.4794  lr 1.0e-03  *
      epoch  10  train 0.5757  val 0.9122  lr 1.0e-03
      epoch  20  train 0.5431  val 0.8644  lr 1.0e-03
      epoch  28  train 0.5092  val 0.8312  lr 5.0e-04
      early stop at 28 (best 18, 0.8151)
      temperature 1.273 (fitted on Sankey Tank)
    macro-F1 0.810  kappa 0.693  IoU water 0.886 veg 0.825 bare 0.553 built 0.521  (179s)
    water->veg 0.014  veg->water 0.001

  fold 5: test=Sankey Tank  val=Bellandur Lake  train=4 lakes
    308 train / 182 val patches, 537,156 params, weights=[1.66, 0.73, 0.43, 1.17]
      epoch   0  train 1.4406  val 1.1675  lr 1.0e-03  *
      epoch  10  train 0.5960  val 0.6058  lr 1.0e-03
      epoch  20  train 0.5423  val 0.5633  lr 1.0e-03
      epoch  30  train 0.4939  val 0.5547  lr 5.0e-04
      epoch  40  train 0.4834  val 0.5597  lr 1.3e-04
      epoch  43  train 0.4791  val 0.5529  lr 1.3e-04
      early stop at 43 (best 33, 0.5363)
      temperature 1.008 (fitted on Bellandur Lake)
    macro-F1 0.713  kappa 0.620  IoU water 0.443 veg 0.832 bare 0.435 built 0.569  (199s)
    water->veg 0.002  veg->water 0.001

  out-of-fold land-cover maps -> C:\Users\moham\Documents\PROGRAMMING\Predictive_DA\outputs\dl\pred

=== held-out means over 6 lakes ===
  macro-F1 0.786 [0.713-0.840]   kappa 0.710
    IoU water       0.755
    IoU vegetation  0.879
    IoU bare        0.609
    IoU built       0.458
  ECE 0.0543

  Random Forest 0.771   U-Net 0.786   delta +0.015
  pre-registered rule -> recommend: RANDOM_FOREST  (U-Net did not clear the 2-point margin; report it as the deep comparison that was built and tested)
  Wilcoxon signed-rank p=0.312 over 6 paired lakes - with six pairs this test has very little power, so treat it as descriptive
  -> C:\Users\moham\Documents\PROGRAMMING\Predictive_DA\outputs\dl\unet
