[1/3] vector building intrusion
  Bellandur Lake     779.3 acres  30 m tier                    30 m ring:     2   75 m:    66
  Varthur Lake       381.3 acres  30 m tier                    30 m ring:     1   75 m:    17
  Hebbal Lake        112.0 acres  30 m tier                    30 m ring:     0   75 m:     7
  Madiwala Lake      204.7 acres  30 m tier                    30 m ring:    11   75 m:   290
  Ulsoor Lake         93.6 acres  sub-100-acre: check gazette  30 m ring:     8   75 m:    75
  Sankey Tank         30.8 acres  sub-100-acre: check gazette  30 m ring:     5   75 m:    63

[2/3] land-cover composition per lake-year
  Bellandur Lake
     year  water_ha  hyacinth_ha  bare_ha  built_ha   built_frac_30m
     2019     41.32       267.40     6.36      0.00    0.000
     2020     26.12       269.60    19.36      0.00    0.000
     2021      0.00       134.28   145.76     35.04    0.000
     2022     20.96       189.96    98.88      5.28    0.002
     2023     32.04       113.00   161.24      8.80    0.001
     2024     41.48        84.52   188.28      0.80    0.000
     2025     67.64       237.80     9.64      0.00    0.001
  Varthur Lake
     year  water_ha  hyacinth_ha  bare_ha  built_ha   built_frac_30m
     2019     16.80       136.60     0.52      0.04    0.000
     2020      9.12       128.32    16.52      0.00    0.000
     2021      0.00         4.56   149.40      0.00    0.000
     2022      3.68        96.40    52.88      1.00    0.002
     2023      0.04        50.56   103.36      0.00    0.000
     2024      9.72        93.48    50.76      0.00    0.003
     2025     27.56       113.92    12.28      0.20    0.035
  Madiwala Lake
     year  water_ha  hyacinth_ha  bare_ha  built_ha   built_frac_30m
     2019     65.32         4.52    12.64      0.44    0.039
     2020     10.76        71.20     0.96      0.00    0.157
     2021     67.92        10.44     4.56      0.00    0.091
     2022     61.16        20.28     1.44      0.04    0.174
     2023     44.68        37.76     0.48      0.00    0.124
     2024     70.28         5.52     7.12      0.00    0.087
     2025     44.44        37.64     0.84      0.00    0.159
  Hebbal Lake
     year  water_ha  hyacinth_ha  bare_ha  built_ha   built_frac_30m
     2019     35.84         3.68     5.92      0.00    0.000
     2020     27.44        17.56     0.44      0.00    0.000
     2021     36.28         6.64     2.52      0.00    0.000
     2022     38.08         6.56     0.80      0.00    0.000
     2023     38.16         6.76     0.52      0.00    0.000
     2024     39.40         5.44     0.60      0.00    0.000
     2025     38.84         6.32     0.28      0.00    0.000
  Ulsoor Lake
     year  water_ha  hyacinth_ha  bare_ha  built_ha   built_frac_30m
     2019     27.16         4.48     6.48      0.00    0.011
     2020     30.76         5.56     1.80      0.00    0.004
     2021     33.24         2.60     2.28      0.00    0.000
     2022     33.24         2.16     2.72      0.00    0.011
     2023     32.48         3.40     2.24      0.00    0.000
     2024     32.12         2.16     3.84      0.00    0.000
     2025     32.64         0.84     4.64      0.00    0.000
  Sankey Tank
     year  water_ha  hyacinth_ha  bare_ha  built_ha   built_frac_30m
     2019     11.08         0.16     1.16      0.00    0.000
     2020     11.28         0.60     0.52      0.00    0.000
     2021     11.60         0.36     0.44      0.00    0.000
     2022     11.60         0.16     0.64      0.00    0.000
     2023     11.60         0.16     0.64      0.00    0.000
     2024     11.52         0.08     0.80      0.00    0.000
     2025     11.56         0.44     0.40      0.00    0.000

[3/3] merging with rainfall and the existing table
  + Open Buildings Temporal per-year counts (2016-2023; later years left empty)
  42 rows x 42 cols
  -> C:\Users\moham\Documents\PROGRAMMING\Predictive_DA\outputs\dl\geofence\lake_year_geofence.csv
  -> C:\Users\moham\Documents\PROGRAMMING\Predictive_DA\data\processed\features_lake_year_dl.csv
