*** Earth Engine *** Share your feedback by taking our Annual Developer Satisfaction Survey: https://google.qualtrics.com/jfe/form/SV_9oS0DRcPvElRMNw?source=python

[3/3] JRC/GSW1_4 (Landsat, ends 2021)
  GSW 'any water in the year' vs our dry-season open water
  Bellandur Lake
 year  gsw_any_water_frac  gsw_permanent_frac  ours_water_frac
 2019              0.5286              0.0189           0.1883
 2020              0.2429              0.0000           0.1195
 2021              0.1057              0.0000           0.0000
  Varthur Lake
 year  gsw_any_water_frac  gsw_permanent_frac  ours_water_frac
 2019              0.7229                 0.0           0.1419
 2020              0.2436                 0.0           0.0828
 2021              0.2192                 0.0           0.0000
  Madiwala Lake
 year  gsw_any_water_frac  gsw_permanent_frac  ours_water_frac
 2019              0.9532              0.4095           0.9475
 2020              0.9386              0.0646           0.1680
 2021              0.9471              0.4332           0.9477
  Hebbal Lake
 year  gsw_any_water_frac  gsw_permanent_frac  ours_water_frac
 2019              0.9153              0.5981           0.9196
 2020              0.7856              0.3859           0.7342
 2021              0.8834              0.6225           0.9283
  Ulsoor Lake
 year  gsw_any_water_frac  gsw_permanent_frac  ours_water_frac
 2019              0.9629              0.5488           0.8583
 2020              0.9919              0.6138           0.9350
 2021              1.0000              0.4216           0.9605
  Sankey Tank
 year  gsw_any_water_frac  gsw_permanent_frac  ours_water_frac
 2019              1.0000              0.7205           0.9913
 2020              1.0000              0.7932           0.9747
 2021              0.9833              0.7573           0.9958
  GSW counts water seen at ANY time in the year; ours is one dry-season date,
  so GSW should read higher. A GSW reading LOWER than ours would be the anomaly.

  -> C:\Users\moham\Documents\PROGRAMMING\Predictive_DA\outputs\dl\gee
