device: cpu
[1/3] loading scenes and labels
[2/3] patch index
  518 patches over 6 lakes
    Bellandur Lake    182
    Varthur Lake      140
    Madiwala Lake      84
    Hebbal Lake        42
    Ulsoor Lake        42
    Sankey Tank        28
[3/3] folds

  fold 0: test=Bellandur Lake  val=Varthur Lake  train=4 lakes
    196 train / 140 val patches, 537,156 params, weights=[1.35, 1.13, 0.59, 0.94]
      epoch   0  train 1.6550  val 1.8365  lr 1.0e-03  *
      epoch  10  train 0.6916  val 0.8333  lr 1.0e-03  *
      epoch  20  train 0.6049  val 0.7734  lr 1.0e-03
      epoch  30  train 0.5534  val 0.7032  lr 1.0e-03  *
      epoch  40  train 0.5299  val 0.7556  lr 5.0e-04
      epoch  44  train 0.5044  val 0.7028  lr 5.0e-04
      early stop at 44 (best 34, 0.6811)
      temperature 1.032 (fitted on Varthur Lake)
    macro-F1 0.821  kappa 0.826  IoU water 0.810 veg 0.922 bare 0.814 built 0.362  (101s)
    water->veg 0.004  veg->water 0.003

  fold 1: test=Varthur Lake  val=Madiwala Lake  train=4 lakes
    294 train / 84 val patches, 537,156 params, weights=[1.67, 0.45, 0.38, 1.50]
      epoch   0  train 1.5236  val 1.1876  lr 1.0e-03  *
      epoch  10  train 0.6292  val 0.7291  lr 1.0e-03
      epoch  20  train 0.5615  val 0.6889  lr 1.0e-03
      epoch  30  train 0.5192  val 0.6934  lr 1.0e-03
      epoch  37  train 0.4971  val 0.6437  lr 5.0e-04
      early stop at 37 (best 27, 0.6379)
      temperature 1.581 (fitted on Madiwala Lake)
    macro-F1 0.764  kappa 0.764  IoU water 0.684 veg 0.902 bare 0.797 built 0.256  (104s)
    water->veg 0.065  veg->water 0.004

  fold 2: test=Madiwala Lake  val=Hebbal Lake  train=4 lakes
    392 train / 42 val patches, 537,156 params, weights=[2.17, 0.34, 0.28, 1.21]
      epoch   0  train 1.5022  val 1.0444  lr 1.0e-03  *
      epoch  10  train 0.6438  val 0.8837  lr 1.0e-03
      epoch  16  train 0.5698  val 1.0751  lr 5.0e-04
      early stop at 16 (best 6, 0.5750)
      temperature 1.013 (fitted on Hebbal Lake)
    macro-F1 0.712  kappa 0.505  IoU water 0.828 veg 0.839 bare 0.205 built 0.524  (60s)
    water->veg 0.003  veg->water 0.017

  fold 3: test=Hebbal Lake  val=Ulsoor Lake  train=4 lakes
    434 train / 42 val patches, 537,156 params, weights=[2.19, 0.41, 0.31, 1.09]
      epoch   0  train 1.4559  val 1.2491  lr 1.0e-03  *
      epoch  10  train 0.6081  val 1.0113  lr 1.0e-03
      epoch  18  train 0.5647  val 1.2205  lr 5.0e-04
      early stop at 18 (best 8, 0.6648)
      temperature 1.155 (fitted on Ulsoor Lake)
    macro-F1 0.786  kappa 0.693  IoU water 0.736 veg 0.810 bare 0.632 built 0.455  (72s)
    water->veg 0.012  veg->water 0.009

  fold 4: test=Ulsoor Lake  val=Sankey Tank  train=4 lakes
    448 train / 28 val patches, 537,156 params, weights=[1.87, 0.44, 0.33, 1.36]
      epoch   0  train 1.3064  val 1.5135  lr 1.0e-03  *
      epoch  10  train 0.5947  val 0.9077  lr 1.0e-03  *
      epoch  20  train 0.5596  val 0.8741  lr 1.0e-03
      epoch  30  train 0.5000  val 0.8281  lr 5.0e-04  *
      epoch  40  train 0.4882  val 0.8764  lr 5.0e-04
      epoch  47  train 0.4731  val 0.8316  lr 2.5e-04
      early stop at 47 (best 37, 0.7934)
      temperature 1.621 (fitted on Sankey Tank)
    macro-F1 0.792  kappa 0.666  IoU water 0.884 veg 0.815 bare 0.492 built 0.508  (183s)
    water->veg 0.012  veg->water 0.005

  fold 5: test=Sankey Tank  val=Bellandur Lake  train=4 lakes
    308 train / 182 val patches, 537,156 params, weights=[1.66, 0.73, 0.43, 1.17]
      epoch   0  train 1.4744  val 1.3265  lr 1.0e-03  *
      epoch  10  train 0.6149  val 0.6144  lr 1.0e-03  *
      epoch  20  train 0.5523  val 0.5699  lr 1.0e-03
      epoch  30  train 0.5062  val 0.5614  lr 1.0e-03
      epoch  40  train 0.4821  val 0.5578  lr 2.5e-04
      epoch  43  train 0.4756  val 0.5376  lr 2.5e-04
      early stop at 43 (best 33, 0.5239)
      temperature 1.023 (fitted on Bellandur Lake)
    macro-F1 0.721  kappa 0.621  IoU water 0.473 veg 0.830 bare 0.431 built 0.577  (136s)
    water->veg 0.000  veg->water 0.001

  out-of-fold land-cover maps -> C:\Users\moham\Documents\PROGRAMMING\Predictive_DA\outputs\dl\pred

=== held-out means over 6 lakes ===
  macro-F1 0.766 [0.712-0.821]   kappa 0.679
    IoU water       0.736
    IoU vegetation  0.853
    IoU bare        0.562
    IoU built       0.447
  ECE 0.0572

  Random Forest 0.770   U-Net 0.766   delta -0.004
  pre-registered rule -> recommend: RANDOM_FOREST  (U-Net did not clear the 2-point margin; report it as the deep comparison that was built and tested)
  Wilcoxon signed-rank p=0.562 over 6 paired lakes - with six pairs this test has very little power, so treat it as descriptive
  -> C:\Users\moham\Documents\PROGRAMMING\Predictive_DA\outputs\dl\unet
