device: cpu
[1/3] loading scenes and labels
[2/3] patch index
  518 patches over 6 lakes
    Bellandur Lake    182
    Varthur Lake      140
    Madiwala Lake      84
    Hebbal Lake        42
    Ulsoor Lake        42
    Sankey Tank        28
[3/3] folds

  fold 0: test=Bellandur Lake  val=Varthur Lake  train=4 lakes
    196 train / 140 val patches, 537,156 params, weights=[1.35, 1.13, 0.59, 0.94]
      epoch   0  train 2.1169  val 2.2296  lr 1.0e-03  *
      epoch  10  train 2.0369  val 2.0232  lr 1.0e-03  *
      epoch  20  train 2.0103  val 2.0138  lr 5.0e-04  *
      temperature 0.779 (fitted on Varthur Lake)
    macro-F1 0.332  kappa 0.212  IoU water 0.026 veg 0.470 bare 0.294 built 0.100  (67s)
    water->veg 0.778  veg->water 0.006

  fold 1: test=Varthur Lake  val=Madiwala Lake  train=4 lakes
    294 train / 84 val patches, 537,156 params, weights=[1.67, 0.45, 0.38, 1.50]
      epoch   0  train 2.0604  val 2.1190  lr 1.0e-03  *
      epoch  10  train 1.8992  val 2.0160  lr 1.0e-03
      epoch  20  train 1.8738  val 2.0017  lr 1.0e-03
      temperature 2.629 (fitted on Madiwala Lake)
    macro-F1 0.391  kappa 0.319  IoU water 0.001 veg 0.357 bare 0.595 built 0.171  (83s)
    water->veg 0.457  veg->water 0.000

  fold 2: test=Madiwala Lake  val=Hebbal Lake  train=4 lakes
    392 train / 42 val patches, 537,156 params, weights=[2.17, 0.34, 0.28, 1.21]
      epoch   0  train 2.1149  val 2.0874  lr 1.0e-03  *
      epoch  10  train 1.9234  val 2.1530  lr 1.0e-03
      epoch  20  train 1.8925  val 1.9774  lr 5.0e-04
      epoch  26  train 1.8811  val 2.1300  lr 2.5e-04
      early stop at 26 (best 16, 1.9490)
      temperature 19.819 (fitted on Hebbal Lake)
    macro-F1 0.214  kappa 0.098  IoU water 0.210 veg 0.029 bare 0.000 built 0.294  (94s)
    water->veg 0.000  veg->water 0.528

  fold 3: test=Hebbal Lake  val=Ulsoor Lake  train=4 lakes
    434 train / 42 val patches, 537,156 params, weights=[2.19, 0.41, 0.31, 1.09]
      epoch   0  train 2.0531  val 2.1398  lr 1.0e-03  *
      epoch  10  train 1.8984  val 2.2817  lr 5.0e-04
      epoch  13  train 1.8684  val 2.2381  lr 5.0e-04
      early stop at 13 (best 3, 2.0047)
      temperature 17.699 (fitted on Ulsoor Lake)
    macro-F1 0.396  kappa 0.259  IoU water 0.275 veg 0.132 bare 0.296 built 0.302  (53s)
    water->veg 0.060  veg->water 0.560

  fold 4: test=Ulsoor Lake  val=Sankey Tank  train=4 lakes
    448 train / 28 val patches, 537,156 params, weights=[1.87, 0.44, 0.33, 1.36]
      epoch   0  train 2.0517  val 2.1906  lr 1.0e-03  *
      epoch  10  train 1.9127  val 1.9970  lr 1.0e-03  *
      epoch  20  train 1.8885  val 2.0305  lr 5.0e-04
      early stop at 20 (best 10, 1.9970)
      temperature 4.126 (fitted on Sankey Tank)
    macro-F1 0.516  kappa 0.299  IoU water 0.580 veg 0.238 bare 0.297 built 0.324  (81s)
    water->veg 0.015  veg->water 0.077

  fold 5: test=Sankey Tank  val=Bellandur Lake  train=4 lakes
    308 train / 182 val patches, 537,156 params, weights=[1.66, 0.73, 0.43, 1.17]
      epoch   0  train 2.0670  val 2.0160  lr 1.0e-03  *
      epoch  10  train 1.9444  val 1.8377  lr 1.0e-03  *
      epoch  20  train 1.9266  val 1.8162  lr 1.0e-03  *
      temperature 0.846 (fitted on Bellandur Lake)
    macro-F1 0.386  kappa 0.178  IoU water 0.000 veg 0.334 bare 0.057 built 0.378  (95s)
    water->veg 0.065  veg->water 0.000

=== held-out means over 6 lakes ===
  macro-F1 0.373 [0.214-0.516]   kappa 0.228
    IoU water       0.182
    IoU vegetation  0.260
    IoU bare        0.257
    IoU built       0.261
  ECE 0.1433
  -> C:\Users\moham\Documents\PROGRAMMING\Predictive_DA\outputs\dl\unet
